<?xml version="1.0" encoding="utf-8"?>
<TestRun id="07b9a501-3096-4ff3-8f15-2dfdf8d01d20" name="Iñaki@DESKTOP-UJMHIPG 2021-01-22 14:13:46" runUser="DESKTOP-UJMHIPG\Iñaki" xmlns="http://microsoft.com/schemas/VisualStudio/TeamTest/2010">
  <Times creation="2021-01-22T14:13:46.8415871+01:00" queuing="2021-01-22T14:13:46.8415878+01:00" start="2021-01-22T14:13:45.0382414+01:00" finish="2021-01-22T14:13:47.4357815+01:00" />
  <TestSettings name="default" id="54ad4444-cab4-4afd-851c-a109156d66e1">
    <Deployment runDeploymentRoot="Iñaki_DESKTOP-UJMHIPG_2021-01-22_14_13_46" />
  </TestSettings>
  <Results>
    <UnitTestResult executionId="930521bd-ddc6-4e0f-8ce4-62ef79b8a5ab" testId="bc3d1e6f-59e3-f8d7-8b66-0e4ab70ef9a1" testName="Chat.Client.Library.Tests.ChatClientTests.SendMessageAsync_ShouldBeFalse_IfNotLogged" computerName="DESKTOP-UJMHIPG" duration="00:00:00.0009126" startTime="2021-01-22T14:13:47.3392408+01:00" endTime="2021-01-22T14:13:47.3392418+01:00" testType="13cdc9d9-ddb5-4fa4-a97d-d965ccfc6d4b" outcome="Passed" testListId="8c84fa94-04c1-424b-9868-57a2d4851a1d" relativeResultsDirectory="930521bd-ddc6-4e0f-8ce4-62ef79b8a5ab" />
    <UnitTestResult executionId="02436d1e-1401-4040-9476-45465c21a9bc" testId="c1d71d53-6880-808d-c3fa-b80fbf377dd3" testName="Chat.Client.Library.Tests.UserApiClientTests.LoginAsync_ShouldBeNull_IfUserExistsAndIncorrectPassword" computerName="DESKTOP-UJMHIPG" duration="00:00:00.0006749" startTime="2021-01-22T14:13:46.7988956+01:00" endTime="2021-01-22T14:13:46.7988960+01:00" testType="13cdc9d9-ddb5-4fa4-a97d-d965ccfc6d4b" outcome="Passed" testListId="8c84fa94-04c1-424b-9868-57a2d4851a1d" relativeResultsDirectory="02436d1e-1401-4040-9476-45465c21a9bc" />
    <UnitTestResult executionId="508e953d-903f-44ec-93b3-0899a1109f39" testId="5e5f5cdc-689d-b9ea-aa9c-a121ca1a3177" testName="Chat.Client.Library.Tests.UserApiClientTests.CreateUserAsync_ShouldBeUser_IfUserNotExists" computerName="DESKTOP-UJMHIPG" duration="00:00:00.0007972" startTime="2021-01-22T14:13:46.7991486+01:00" endTime="2021-01-22T14:13:46.7991490+01:00" testType="13cdc9d9-ddb5-4fa4-a97d-d965ccfc6d4b" outcome="Passed" testListId="8c84fa94-04c1-424b-9868-57a2d4851a1d" relativeResultsDirectory="508e953d-903f-44ec-93b3-0899a1109f39" />
    <UnitTestResult executionId="fc0f0116-88c5-499b-8c13-c9d1fce1553d" testId="4f8dc4bd-5987-6ccf-d48a-904f256c0112" testName="Chat.Client.Library.Tests.ChatClientTests.LoginAsync_ShouldBeArgumentNullException_IfArgumentNullException" computerName="DESKTOP-UJMHIPG" duration="00:00:00.0190061" startTime="2021-01-22T14:13:47.1060532+01:00" endTime="2021-01-22T14:13:47.1060552+01:00" testType="13cdc9d9-ddb5-4fa4-a97d-d965ccfc6d4b" outcome="Passed" testListId="8c84fa94-04c1-424b-9868-57a2d4851a1d" relativeResultsDirectory="fc0f0116-88c5-499b-8c13-c9d1fce1553d" />
    <UnitTestResult executionId="a786dafa-031b-4b25-9946-6e9fdc70f4ab" testId="906e370f-b0b1-5cf6-133c-1e10db8b21cd" testName="Chat.Client.Library.Tests.ChatClientTests.CreateUserAsync_ShouldBeExpectedResult(expected: False, username: &quot;Usuario2&quot;, password: &quot;&quot;)" computerName="DESKTOP-UJMHIPG" duration="00:00:00.0005084" startTime="2021-01-22T14:13:46.8558251+01:00" endTime="2021-01-22T14:13:46.8558260+01:00" testType="13cdc9d9-ddb5-4fa4-a97d-d965ccfc6d4b" outcome="Passed" testListId="8c84fa94-04c1-424b-9868-57a2d4851a1d" relativeResultsDirectory="a786dafa-031b-4b25-9946-6e9fdc70f4ab" />
    <UnitTestResult executionId="53132a17-534b-4efd-b765-3367c1385c66" testId="0e98c3a0-5141-4c15-f732-6e89f2f214ca" testName="Chat.Client.Library.Tests.CryptographyHelperTests.CalculateHash_ShouldBeExpectedHash(password: &quot;Agent 007&quot;, expected: &quot;CB01AFE8663B8E0F90E25FD1636C55C3&quot;)" computerName="DESKTOP-UJMHIPG" duration="00:00:00.0073794" startTime="2021-01-22T14:13:46.7577033+01:00" endTime="2021-01-22T14:13:46.7577567+01:00" testType="13cdc9d9-ddb5-4fa4-a97d-d965ccfc6d4b" outcome="Passed" testListId="8c84fa94-04c1-424b-9868-57a2d4851a1d" relativeResultsDirectory="53132a17-534b-4efd-b765-3367c1385c66" />
    <UnitTestResult executionId="6f260518-98ed-4e05-99fd-6747d82103df" testId="534aaada-bca1-534a-7cb0-ac746728d66d" testName="Chat.Client.Library.Tests.UserApiClientTests.CreateUserAsync_ShouldBeNull_IfUserExists" computerName="DESKTOP-UJMHIPG" duration="00:00:00.0007299" startTime="2021-01-22T14:13:46.7988286+01:00" endTime="2021-01-22T14:13:46.7988290+01:00" testType="13cdc9d9-ddb5-4fa4-a97d-d965ccfc6d4b" outcome="Passed" testListId="8c84fa94-04c1-424b-9868-57a2d4851a1d" relativeResultsDirectory="6f260518-98ed-4e05-99fd-6747d82103df" />
    <UnitTestResult executionId="997dac71-e552-401d-8d5b-6e000bf2adea" testId="886822af-33e9-4d08-27b9-f5e6e1fcb7c0" testName="Chat.Client.Library.Tests.ChatClientTests.OverwriteLastLine_ShouldNotBeRaised_IfMoreThanOneMessage" computerName="DESKTOP-UJMHIPG" duration="00:00:00.1174559" startTime="2021-01-22T14:13:46.9773145+01:00" endTime="2021-01-22T14:13:46.9773168+01:00" testType="13cdc9d9-ddb5-4fa4-a97d-d965ccfc6d4b" outcome="Passed" testListId="8c84fa94-04c1-424b-9868-57a2d4851a1d" relativeResultsDirectory="997dac71-e552-401d-8d5b-6e000bf2adea" />
    <UnitTestResult executionId="ebd1246c-d57e-4d13-a286-a97573b4e455" testId="87786916-880b-f476-9816-9f840792f5ed" testName="Chat.Client.Library.Tests.UserApiClientTests.CreateUserAsync_ShouldBeNull_IfHttpRequestException" computerName="DESKTOP-UJMHIPG" duration="00:00:00.0124924" startTime="2021-01-22T14:13:46.7617267+01:00" endTime="2021-01-22T14:13:46.7617271+01:00" testType="13cdc9d9-ddb5-4fa4-a97d-d965ccfc6d4b" outcome="Passed" testListId="8c84fa94-04c1-424b-9868-57a2d4851a1d" relativeResultsDirectory="ebd1246c-d57e-4d13-a286-a97573b4e455" />
    <UnitTestResult executionId="296767b9-5b86-4c39-ab98-72d3a1cc4438" testId="62018361-ad30-c06f-4f5d-9788a3881edd" testName="Chat.Client.Library.Tests.ChatClientTests.CreateUserAsync_ShouldBeExpectedResult(expected: True, username: &quot;Usuario1&quot;, password: &quot;P2ssw0rd!&quot;)" computerName="DESKTOP-UJMHIPG" duration="00:00:00.1154393" startTime="2021-01-22T14:13:46.8552656+01:00" endTime="2021-01-22T14:13:46.8552679+01:00" testType="13cdc9d9-ddb5-4fa4-a97d-d965ccfc6d4b" outcome="Passed" testListId="8c84fa94-04c1-424b-9868-57a2d4851a1d" relativeResultsDirectory="296767b9-5b86-4c39-ab98-72d3a1cc4438" />
    <UnitTestResult executionId="fbc2bcce-683b-411a-b9de-7979d0fe9d99" testId="ce37f170-d1c6-bd2c-a772-b2941f45ad65" testName="Chat.Client.Library.Tests.ChatClientTests.CreateUserAsync_ShouldBeArgumentNullException_IfArgumentNullException" computerName="DESKTOP-UJMHIPG" duration="00:00:00.0019899" startTime="2021-01-22T14:13:47.3412931+01:00" endTime="2021-01-22T14:13:47.3412940+01:00" testType="13cdc9d9-ddb5-4fa4-a97d-d965ccfc6d4b" outcome="Passed" testListId="8c84fa94-04c1-424b-9868-57a2d4851a1d" relativeResultsDirectory="fbc2bcce-683b-411a-b9de-7979d0fe9d99" />
    <UnitTestResult executionId="085c4f68-5b66-4a84-a988-e7aea5d91329" testId="07d2ac0c-5941-21dc-41e9-110102b7595a" testName="Chat.Client.Library.Tests.ChatClientTests.SendMessageAsync_ShouldBeTrue_IfLoggedAndConnected" computerName="DESKTOP-UJMHIPG" duration="00:00:00.0034065" startTime="2021-01-22T14:13:47.3382597+01:00" endTime="2021-01-22T14:13:47.3382607+01:00" testType="13cdc9d9-ddb5-4fa4-a97d-d965ccfc6d4b" outcome="Passed" testListId="8c84fa94-04c1-424b-9868-57a2d4851a1d" relativeResultsDirectory="085c4f68-5b66-4a84-a988-e7aea5d91329" />
    <UnitTestResult executionId="7d85f30b-6dc9-4825-8540-ab46d74bb83a" testId="5277c181-438a-288a-47ce-6e6ea5e515d6" testName="Chat.Client.Library.Tests.ChatApiClientTests.SendMessageAsync_ShouldBeFalse_IfMessageIsNullOrEmpty" computerName="DESKTOP-UJMHIPG" duration="00:00:00.0025566" startTime="2021-01-22T14:13:46.7991928+01:00" endTime="2021-01-22T14:13:46.7991932+01:00" testType="13cdc9d9-ddb5-4fa4-a97d-d965ccfc6d4b" outcome="Passed" testListId="8c84fa94-04c1-424b-9868-57a2d4851a1d" relativeResultsDirectory="7d85f30b-6dc9-4825-8540-ab46d74bb83a" />
    <UnitTestResult executionId="ba5dbdd7-f958-4670-8499-28857c9eadbe" testId="5b0a19f6-91ce-4af8-f0c6-24405d7164b5" testName="Chat.Client.Library.Tests.ChatMessageHelperTests.GenerateString_ShouldBeExpectedMessage(message: ChatMessage { Author = &quot;Author1&quot;, Date = 2021-01-22T14:15:46.7334029+01:00, IdChatMessage = 0, Message = &quot;How are you?&quot; }, expected: &quot;14 15 46:Author1-&gt;How are you?&quot;)" computerName="DESKTOP-UJMHIPG" duration="00:00:00.0000237" startTime="2021-01-22T14:13:46.7632148+01:00" endTime="2021-01-22T14:13:46.7632156+01:00" testType="13cdc9d9-ddb5-4fa4-a97d-d965ccfc6d4b" outcome="Passed" testListId="8c84fa94-04c1-424b-9868-57a2d4851a1d" relativeResultsDirectory="ba5dbdd7-f958-4670-8499-28857c9eadbe" />
    <UnitTestResult executionId="cfebeda8-e2f5-409e-9d91-0b1ec3910559" testId="bbd90820-8bf0-41c9-b3f0-c47094b33f42" testName="Chat.Client.Library.Tests.ChatClientTests.NewMessageRecived_ShouldBeRaised_IfConnect" computerName="DESKTOP-UJMHIPG" duration="00:00:00.1047063" startTime="2021-01-22T14:13:47.2110196+01:00" endTime="2021-01-22T14:13:47.2110223+01:00" testType="13cdc9d9-ddb5-4fa4-a97d-d965ccfc6d4b" outcome="Passed" testListId="8c84fa94-04c1-424b-9868-57a2d4851a1d" relativeResultsDirectory="cfebeda8-e2f5-409e-9d91-0b1ec3910559" />
    <UnitTestResult executionId="32ef3038-6e0f-4d71-aea4-3cc68602cb0c" testId="7bfe98e4-6017-792b-751f-78ee8d8258a0" testName="Chat.Client.Library.Tests.CryptographyHelperTests.CalculateHash_ShouldBeExpectedHash(password: &quot;P2ssw0rd!&quot;, expected: &quot;52EEB7C9152B99A843345EF76FFD6411&quot;)" computerName="DESKTOP-UJMHIPG" duration="00:00:00.0000535" startTime="2021-01-22T14:13:46.7632675+01:00" endTime="2021-01-22T14:13:46.7632679+01:00" testType="13cdc9d9-ddb5-4fa4-a97d-d965ccfc6d4b" outcome="Passed" testListId="8c84fa94-04c1-424b-9868-57a2d4851a1d" relativeResultsDirectory="32ef3038-6e0f-4d71-aea4-3cc68602cb0c" />
    <UnitTestResult executionId="fb3303ab-1cac-414f-8d7b-2f5e52ba953e" testId="e0aecdef-392c-66b3-0a84-fce8ce751f51" testName="Chat.Client.Library.Tests.UserApiClientTests.LoginAsync_ShouldBeUser_IfUserExistsAndCorrectPassword" computerName="DESKTOP-UJMHIPG" duration="00:00:00.0055279" startTime="2021-01-22T14:13:46.7986767+01:00" endTime="2021-01-22T14:13:46.7986775+01:00" testType="13cdc9d9-ddb5-4fa4-a97d-d965ccfc6d4b" outcome="Passed" testListId="8c84fa94-04c1-424b-9868-57a2d4851a1d" relativeResultsDirectory="fb3303ab-1cac-414f-8d7b-2f5e52ba953e" />
    <UnitTestResult executionId="0f4dc70f-5103-4a41-a2d7-fe87214ffbb3" testId="03be180b-54c3-8e98-9a15-bf7c3aa4806d" testName="Chat.Client.Library.Tests.ChatApiClientTests.SendMessageAsync_ShouldBeFalse_IfAuthorIsNullOrEmpty" computerName="DESKTOP-UJMHIPG" duration="00:00:00.0006995" startTime="2021-01-22T14:13:46.7992509+01:00" endTime="2021-01-22T14:13:46.7992513+01:00" testType="13cdc9d9-ddb5-4fa4-a97d-d965ccfc6d4b" outcome="Passed" testListId="8c84fa94-04c1-424b-9868-57a2d4851a1d" relativeResultsDirectory="0f4dc70f-5103-4a41-a2d7-fe87214ffbb3" />
    <UnitTestResult executionId="46e239a8-a561-4526-9263-66c0ad583900" testId="262e2064-922c-c249-6b1a-5794ad30eca9" testName="Chat.Client.Library.Tests.ChatApiClientTests.SendMessageAsync_ShouldBeTrue_IfAuthorAndMessageAreNotNullOrEmpty" computerName="DESKTOP-UJMHIPG" duration="00:00:00.0008252" startTime="2021-01-22T14:13:46.8015799+01:00" endTime="2021-01-22T14:13:46.8015804+01:00" testType="13cdc9d9-ddb5-4fa4-a97d-d965ccfc6d4b" outcome="Passed" testListId="8c84fa94-04c1-424b-9868-57a2d4851a1d" relativeResultsDirectory="46e239a8-a561-4526-9263-66c0ad583900" />
    <UnitTestResult executionId="12838416-8875-47b4-9583-aee4e7995c8f" testId="f71cfa62-4ee6-f559-e68c-6c50ff6d70aa" testName="Chat.Client.Library.Tests.ChatApiClientTests.GetChatMessagesAsync_ShouldHaveCount1_" computerName="DESKTOP-UJMHIPG" duration="00:00:00.0224533" startTime="2021-01-22T14:13:46.7990817+01:00" endTime="2021-01-22T14:13:46.7990822+01:00" testType="13cdc9d9-ddb5-4fa4-a97d-d965ccfc6d4b" outcome="Passed" testListId="8c84fa94-04c1-424b-9868-57a2d4851a1d" relativeResultsDirectory="12838416-8875-47b4-9583-aee4e7995c8f" />
    <UnitTestResult executionId="f7326920-15f4-41b0-a84f-ef515bbbc046" testId="6129790a-45a3-a834-e804-994a266931db" testName="Chat.Client.Library.Tests.ChatClientTests.OverwriteLastLine_ShouldNotBeRaised_IfOneMessageAndAuthorIsOther" computerName="DESKTOP-UJMHIPG" duration="00:00:00.1052582" startTime="2021-01-22T14:13:47.0851321+01:00" endTime="2021-01-22T14:13:47.0851347+01:00" testType="13cdc9d9-ddb5-4fa4-a97d-d965ccfc6d4b" outcome="Passed" testListId="8c84fa94-04c1-424b-9868-57a2d4851a1d" relativeResultsDirectory="f7326920-15f4-41b0-a84f-ef515bbbc046" />
    <UnitTestResult executionId="288adcb8-0545-496d-864e-10f7766317b9" testId="e6d82a80-d4a3-0159-f45e-6e36e40c9371" testName="Chat.Client.Library.Tests.ChatClientTests.OverwriteLastLine_ShouldBeRaised_IfOneMessageAndAuthorIsWhoseIsLogged" computerName="DESKTOP-UJMHIPG" duration="00:00:00.1234072" startTime="2021-01-22T14:13:47.3347556+01:00" endTime="2021-01-22T14:13:47.3347584+01:00" testType="13cdc9d9-ddb5-4fa4-a97d-d965ccfc6d4b" outcome="Passed" testListId="8c84fa94-04c1-424b-9868-57a2d4851a1d" relativeResultsDirectory="288adcb8-0545-496d-864e-10f7766317b9" />
    <UnitTestResult executionId="d17187d5-3170-41c5-9ac5-beb480fe59b9" testId="9c9b7b5e-8d5c-9d9b-d153-23cf46ee3429" testName="Chat.Client.Library.Tests.UserApiClientTests.LoginAsync_ShouldBeNull_IfHttpRequestException" computerName="DESKTOP-UJMHIPG" duration="00:00:00.0008194" startTime="2021-01-22T14:13:46.7990153+01:00" endTime="2021-01-22T14:13:46.7990156+01:00" testType="13cdc9d9-ddb5-4fa4-a97d-d965ccfc6d4b" outcome="Passed" testListId="8c84fa94-04c1-424b-9868-57a2d4851a1d" relativeResultsDirectory="d17187d5-3170-41c5-9ac5-beb480fe59b9" />
    <UnitTestResult executionId="e360afc8-41b7-4fe0-a82d-56e4c83c63a9" testId="d9ed0fc5-e96d-a2dd-4d9f-bcab8c0819ec" testName="Chat.Client.Library.Tests.UserApiClientTests.LoginAsync_ShouldBeNull_IfUserNotExists" computerName="DESKTOP-UJMHIPG" duration="00:00:00.0006702" startTime="2021-01-22T14:13:46.7989568+01:00" endTime="2021-01-22T14:13:46.7989571+01:00" testType="13cdc9d9-ddb5-4fa4-a97d-d965ccfc6d4b" outcome="Passed" testListId="8c84fa94-04c1-424b-9868-57a2d4851a1d" relativeResultsDirectory="e360afc8-41b7-4fe0-a82d-56e4c83c63a9" />
    <UnitTestResult executionId="c7558b0d-c974-4a27-b891-ef1f5c57e4b0" testId="c383bd8b-9d23-b55e-3e45-3ec523959650" testName="Chat.Client.Library.Tests.ChatClientTests.LoginAsync_ShouldBeExpectedResult(expected: True, username: &quot;Usuario1&quot;, password: &quot;P2ssw0rd!&quot;)" computerName="DESKTOP-UJMHIPG" duration="00:00:00.0012420" startTime="2021-01-22T14:13:47.0864982+01:00" endTime="2021-01-22T14:13:47.0864991+01:00" testType="13cdc9d9-ddb5-4fa4-a97d-d965ccfc6d4b" outcome="Passed" testListId="8c84fa94-04c1-424b-9868-57a2d4851a1d" relativeResultsDirectory="c7558b0d-c974-4a27-b891-ef1f5c57e4b0" />
    <UnitTestResult executionId="c8f7dda1-465e-4b17-876d-be4c5079b853" testId="b2e9294e-e38d-a009-2460-a89d2f66aa17" testName="Chat.Client.Library.Tests.ChatClientTests.LoginAsync_ShouldBeExpectedResult(expected: False, username: &quot;Usuario2&quot;, password: &quot;&quot;)" computerName="DESKTOP-UJMHIPG" duration="00:00:00.0003883" startTime="2021-01-22T14:13:47.0869158+01:00" endTime="2021-01-22T14:13:47.0869167+01:00" testType="13cdc9d9-ddb5-4fa4-a97d-d965ccfc6d4b" outcome="Passed" testListId="8c84fa94-04c1-424b-9868-57a2d4851a1d" relativeResultsDirectory="c8f7dda1-465e-4b17-876d-be4c5079b853" />
    <UnitTestResult executionId="f608a094-4669-40ae-865a-62f6a6afe5ab" testId="5b0a19f6-91ce-4af8-f0c6-24405d7164b5" testName="Chat.Client.Library.Tests.ChatMessageHelperTests.GenerateString_ShouldBeExpectedMessage(message: ChatMessage { Author = &quot;Author2&quot;, Date = 2021-01-22T14:14:46.7334029+01:00, IdChatMessage = 0, Message = &quot;Hello Author1&quot; }, expected: &quot;14 14 46:Author2-&gt;Hello Author1&quot;)" computerName="DESKTOP-UJMHIPG" duration="00:00:00.0000830" startTime="2021-01-22T14:13:46.7617989+01:00" endTime="2021-01-22T14:13:46.7617996+01:00" testType="13cdc9d9-ddb5-4fa4-a97d-d965ccfc6d4b" outcome="Passed" testListId="8c84fa94-04c1-424b-9868-57a2d4851a1d" relativeResultsDirectory="f608a094-4669-40ae-865a-62f6a6afe5ab" />
    <UnitTestResult executionId="d78fd9f1-acce-4534-a6d2-a4a1d963a85e" testId="e2959d81-2c2e-6b32-bf4a-1bf1d745968e" testName="Chat.Client.Library.Tests.CryptographyHelperTests.CalculateHash_ShouldBeExpectedHash(password: &quot;How beautiful you are&quot;, expected: &quot;EB80AAFA5B98425B584A4F8B61503F48&quot;)" computerName="DESKTOP-UJMHIPG" duration="00:00:00.0000312" startTime="2021-01-22T14:13:46.7633286+01:00" endTime="2021-01-22T14:13:46.7633290+01:00" testType="13cdc9d9-ddb5-4fa4-a97d-d965ccfc6d4b" outcome="Passed" testListId="8c84fa94-04c1-424b-9868-57a2d4851a1d" relativeResultsDirectory="d78fd9f1-acce-4534-a6d2-a4a1d963a85e" />
    <UnitTestResult executionId="385b0531-2e27-485c-89d6-7bcfbdbd4fb4" testId="5b0a19f6-91ce-4af8-f0c6-24405d7164b5" testName="Chat.Client.Library.Tests.ChatMessageHelperTests.GenerateString_ShouldBeExpectedMessage(message: ChatMessage { Author = &quot;Author1&quot;, Date = 2021-01-22T14:13:46.7334029+01:00, IdChatMessage = 0, Message = &quot;Hello everybody!&quot; }, expected: &quot;14 13 46:Author1-&gt;Hello everybody!&quot;)" computerName="DESKTOP-UJMHIPG" duration="00:00:00.0073627" startTime="2021-01-22T14:13:46.7616870+01:00" endTime="2021-01-22T14:13:46.7616876+01:00" testType="13cdc9d9-ddb5-4fa4-a97d-d965ccfc6d4b" outcome="Passed" testListId="8c84fa94-04c1-424b-9868-57a2d4851a1d" relativeResultsDirectory="385b0531-2e27-485c-89d6-7bcfbdbd4fb4" />
  </Results>
  <TestDefinitions>
    <UnitTest name="Chat.Client.Library.Tests.ChatApiClientTests.SendMessageAsync_ShouldBeTrue_IfAuthorAndMessageAreNotNullOrEmpty" storage="d:\trabajo\curso testing\lab.250-ejercicio de prácticas\test\chat.client.library.tests\bin\debug\net5.0\chat.client.library.tests.dll" id="262e2064-922c-c249-6b1a-5794ad30eca9">
      <Execution id="46e239a8-a561-4526-9263-66c0ad583900" />
      <TestMethod codeBase="D:\Trabajo\Curso Testing\Lab.250-Ejercicio de prácticas\test\Chat.Client.Library.Tests\bin\Debug\net5.0\Chat.Client.Library.Tests.dll" adapterTypeName="executor://xunit/VsTestRunner2/netcoreapp" className="Chat.Client.Library.Tests.ChatApiClientTests" name="SendMessageAsync_ShouldBeTrue_IfAuthorAndMessageAreNotNullOrEmpty" />
    </UnitTest>
    <UnitTest name="Chat.Client.Library.Tests.ChatClientTests.SendMessageAsync_ShouldBeFalse_IfNotLogged" storage="d:\trabajo\curso testing\lab.250-ejercicio de prácticas\test\chat.client.library.tests\bin\debug\net5.0\chat.client.library.tests.dll" id="bc3d1e6f-59e3-f8d7-8b66-0e4ab70ef9a1">
      <Execution id="930521bd-ddc6-4e0f-8ce4-62ef79b8a5ab" />
      <TestMethod codeBase="D:\Trabajo\Curso Testing\Lab.250-Ejercicio de prácticas\test\Chat.Client.Library.Tests\bin\Debug\net5.0\Chat.Client.Library.Tests.dll" adapterTypeName="executor://xunit/VsTestRunner2/netcoreapp" className="Chat.Client.Library.Tests.ChatClientTests" name="SendMessageAsync_ShouldBeFalse_IfNotLogged" />
    </UnitTest>
    <UnitTest name="Chat.Client.Library.Tests.UserApiClientTests.LoginAsync_ShouldBeNull_IfUserNotExists" storage="d:\trabajo\curso testing\lab.250-ejercicio de prácticas\test\chat.client.library.tests\bin\debug\net5.0\chat.client.library.tests.dll" id="d9ed0fc5-e96d-a2dd-4d9f-bcab8c0819ec">
      <Execution id="e360afc8-41b7-4fe0-a82d-56e4c83c63a9" />
      <TestMethod codeBase="D:\Trabajo\Curso Testing\Lab.250-Ejercicio de prácticas\test\Chat.Client.Library.Tests\bin\Debug\net5.0\Chat.Client.Library.Tests.dll" adapterTypeName="executor://xunit/VsTestRunner2/netcoreapp" className="Chat.Client.Library.Tests.UserApiClientTests" name="LoginAsync_ShouldBeNull_IfUserNotExists" />
    </UnitTest>
    <UnitTest name="Chat.Client.Library.Tests.UserApiClientTests.CreateUserAsync_ShouldBeUser_IfUserNotExists" storage="d:\trabajo\curso testing\lab.250-ejercicio de prácticas\test\chat.client.library.tests\bin\debug\net5.0\chat.client.library.tests.dll" id="5e5f5cdc-689d-b9ea-aa9c-a121ca1a3177">
      <Execution id="508e953d-903f-44ec-93b3-0899a1109f39" />
      <TestMethod codeBase="D:\Trabajo\Curso Testing\Lab.250-Ejercicio de prácticas\test\Chat.Client.Library.Tests\bin\Debug\net5.0\Chat.Client.Library.Tests.dll" adapterTypeName="executor://xunit/VsTestRunner2/netcoreapp" className="Chat.Client.Library.Tests.UserApiClientTests" name="CreateUserAsync_ShouldBeUser_IfUserNotExists" />
    </UnitTest>
    <UnitTest name="Chat.Client.Library.Tests.ChatClientTests.SendMessageAsync_ShouldBeTrue_IfLoggedAndConnected" storage="d:\trabajo\curso testing\lab.250-ejercicio de prácticas\test\chat.client.library.tests\bin\debug\net5.0\chat.client.library.tests.dll" id="07d2ac0c-5941-21dc-41e9-110102b7595a">
      <Execution id="085c4f68-5b66-4a84-a988-e7aea5d91329" />
      <TestMethod codeBase="D:\Trabajo\Curso Testing\Lab.250-Ejercicio de prácticas\test\Chat.Client.Library.Tests\bin\Debug\net5.0\Chat.Client.Library.Tests.dll" adapterTypeName="executor://xunit/VsTestRunner2/netcoreapp" className="Chat.Client.Library.Tests.ChatClientTests" name="SendMessageAsync_ShouldBeTrue_IfLoggedAndConnected" />
    </UnitTest>
    <UnitTest name="Chat.Client.Library.Tests.ChatMessageHelperTests.GenerateString_ShouldBeExpectedMessage" storage="d:\trabajo\curso testing\lab.250-ejercicio de prácticas\test\chat.client.library.tests\bin\debug\net5.0\chat.client.library.tests.dll" id="5b0a19f6-91ce-4af8-f0c6-24405d7164b5">
      <Execution id="385b0531-2e27-485c-89d6-7bcfbdbd4fb4" />
      <TestMethod codeBase="D:\Trabajo\Curso Testing\Lab.250-Ejercicio de prácticas\test\Chat.Client.Library.Tests\bin\Debug\net5.0\Chat.Client.Library.Tests.dll" adapterTypeName="executor://xunit/VsTestRunner2/netcoreapp" className="Chat.Client.Library.Tests.ChatMessageHelperTests" name="GenerateString_ShouldBeExpectedMessage" />
    </UnitTest>
    <UnitTest name="Chat.Client.Library.Tests.ChatClientTests.NewMessageRecived_ShouldBeRaised_IfConnect" storage="d:\trabajo\curso testing\lab.250-ejercicio de prácticas\test\chat.client.library.tests\bin\debug\net5.0\chat.client.library.tests.dll" id="bbd90820-8bf0-41c9-b3f0-c47094b33f42">
      <Execution id="cfebeda8-e2f5-409e-9d91-0b1ec3910559" />
      <TestMethod codeBase="D:\Trabajo\Curso Testing\Lab.250-Ejercicio de prácticas\test\Chat.Client.Library.Tests\bin\Debug\net5.0\Chat.Client.Library.Tests.dll" adapterTypeName="executor://xunit/VsTestRunner2/netcoreapp" className="Chat.Client.Library.Tests.ChatClientTests" name="NewMessageRecived_ShouldBeRaised_IfConnect" />
    </UnitTest>
    <UnitTest name="Chat.Client.Library.Tests.UserApiClientTests.LoginAsync_ShouldBeNull_IfUserExistsAndIncorrectPassword" storage="d:\trabajo\curso testing\lab.250-ejercicio de prácticas\test\chat.client.library.tests\bin\debug\net5.0\chat.client.library.tests.dll" id="c1d71d53-6880-808d-c3fa-b80fbf377dd3">
      <Execution id="02436d1e-1401-4040-9476-45465c21a9bc" />
      <TestMethod codeBase="D:\Trabajo\Curso Testing\Lab.250-Ejercicio de prácticas\test\Chat.Client.Library.Tests\bin\Debug\net5.0\Chat.Client.Library.Tests.dll" adapterTypeName="executor://xunit/VsTestRunner2/netcoreapp" className="Chat.Client.Library.Tests.UserApiClientTests" name="LoginAsync_ShouldBeNull_IfUserExistsAndIncorrectPassword" />
    </UnitTest>
    <UnitTest name="Chat.Client.Library.Tests.UserApiClientTests.CreateUserAsync_ShouldBeNull_IfHttpRequestException" storage="d:\trabajo\curso testing\lab.250-ejercicio de prácticas\test\chat.client.library.tests\bin\debug\net5.0\chat.client.library.tests.dll" id="87786916-880b-f476-9816-9f840792f5ed">
      <Execution id="ebd1246c-d57e-4d13-a286-a97573b4e455" />
      <TestMethod codeBase="D:\Trabajo\Curso Testing\Lab.250-Ejercicio de prácticas\test\Chat.Client.Library.Tests\bin\Debug\net5.0\Chat.Client.Library.Tests.dll" adapterTypeName="executor://xunit/VsTestRunner2/netcoreapp" className="Chat.Client.Library.Tests.UserApiClientTests" name="CreateUserAsync_ShouldBeNull_IfHttpRequestException" />
    </UnitTest>
    <UnitTest name="Chat.Client.Library.Tests.ChatApiClientTests.GetChatMessagesAsync_ShouldHaveCount1_" storage="d:\trabajo\curso testing\lab.250-ejercicio de prácticas\test\chat.client.library.tests\bin\debug\net5.0\chat.client.library.tests.dll" id="f71cfa62-4ee6-f559-e68c-6c50ff6d70aa">
      <Execution id="12838416-8875-47b4-9583-aee4e7995c8f" />
      <TestMethod codeBase="D:\Trabajo\Curso Testing\Lab.250-Ejercicio de prácticas\test\Chat.Client.Library.Tests\bin\Debug\net5.0\Chat.Client.Library.Tests.dll" adapterTypeName="executor://xunit/VsTestRunner2/netcoreapp" className="Chat.Client.Library.Tests.ChatApiClientTests" name="GetChatMessagesAsync_ShouldHaveCount1_" />
    </UnitTest>
    <UnitTest name="Chat.Client.Library.Tests.UserApiClientTests.LoginAsync_ShouldBeUser_IfUserExistsAndCorrectPassword" storage="d:\trabajo\curso testing\lab.250-ejercicio de prácticas\test\chat.client.library.tests\bin\debug\net5.0\chat.client.library.tests.dll" id="e0aecdef-392c-66b3-0a84-fce8ce751f51">
      <Execution id="fb3303ab-1cac-414f-8d7b-2f5e52ba953e" />
      <TestMethod codeBase="D:\Trabajo\Curso Testing\Lab.250-Ejercicio de prácticas\test\Chat.Client.Library.Tests\bin\Debug\net5.0\Chat.Client.Library.Tests.dll" adapterTypeName="executor://xunit/VsTestRunner2/netcoreapp" className="Chat.Client.Library.Tests.UserApiClientTests" name="LoginAsync_ShouldBeUser_IfUserExistsAndCorrectPassword" />
    </UnitTest>
    <UnitTest name="Chat.Client.Library.Tests.ChatClientTests.OverwriteLastLine_ShouldNotBeRaised_IfMoreThanOneMessage" storage="d:\trabajo\curso testing\lab.250-ejercicio de prácticas\test\chat.client.library.tests\bin\debug\net5.0\chat.client.library.tests.dll" id="886822af-33e9-4d08-27b9-f5e6e1fcb7c0">
      <Execution id="997dac71-e552-401d-8d5b-6e000bf2adea" />
      <TestMethod codeBase="D:\Trabajo\Curso Testing\Lab.250-Ejercicio de prácticas\test\Chat.Client.Library.Tests\bin\Debug\net5.0\Chat.Client.Library.Tests.dll" adapterTypeName="executor://xunit/VsTestRunner2/netcoreapp" className="Chat.Client.Library.Tests.ChatClientTests" name="OverwriteLastLine_ShouldNotBeRaised_IfMoreThanOneMessage" />
    </UnitTest>
    <UnitTest name="Chat.Client.Library.Tests.ChatClientTests.OverwriteLastLine_ShouldNotBeRaised_IfOneMessageAndAuthorIsOther" storage="d:\trabajo\curso testing\lab.250-ejercicio de prácticas\test\chat.client.library.tests\bin\debug\net5.0\chat.client.library.tests.dll" id="6129790a-45a3-a834-e804-994a266931db">
      <Execution id="f7326920-15f4-41b0-a84f-ef515bbbc046" />
      <TestMethod codeBase="D:\Trabajo\Curso Testing\Lab.250-Ejercicio de prácticas\test\Chat.Client.Library.Tests\bin\Debug\net5.0\Chat.Client.Library.Tests.dll" adapterTypeName="executor://xunit/VsTestRunner2/netcoreapp" className="Chat.Client.Library.Tests.ChatClientTests" name="OverwriteLastLine_ShouldNotBeRaised_IfOneMessageAndAuthorIsOther" />
    </UnitTest>
    <UnitTest name="Chat.Client.Library.Tests.UserApiClientTests.CreateUserAsync_ShouldBeNull_IfUserExists" storage="d:\trabajo\curso testing\lab.250-ejercicio de prácticas\test\chat.client.library.tests\bin\debug\net5.0\chat.client.library.tests.dll" id="534aaada-bca1-534a-7cb0-ac746728d66d">
      <Execution id="6f260518-98ed-4e05-99fd-6747d82103df" />
      <TestMethod codeBase="D:\Trabajo\Curso Testing\Lab.250-Ejercicio de prácticas\test\Chat.Client.Library.Tests\bin\Debug\net5.0\Chat.Client.Library.Tests.dll" adapterTypeName="executor://xunit/VsTestRunner2/netcoreapp" className="Chat.Client.Library.Tests.UserApiClientTests" name="CreateUserAsync_ShouldBeNull_IfUserExists" />
    </UnitTest>
    <UnitTest name="Chat.Client.Library.Tests.UserApiClientTests.LoginAsync_ShouldBeNull_IfHttpRequestException" storage="d:\trabajo\curso testing\lab.250-ejercicio de prácticas\test\chat.client.library.tests\bin\debug\net5.0\chat.client.library.tests.dll" id="9c9b7b5e-8d5c-9d9b-d153-23cf46ee3429">
      <Execution id="d17187d5-3170-41c5-9ac5-beb480fe59b9" />
      <TestMethod codeBase="D:\Trabajo\Curso Testing\Lab.250-Ejercicio de prácticas\test\Chat.Client.Library.Tests\bin\Debug\net5.0\Chat.Client.Library.Tests.dll" adapterTypeName="executor://xunit/VsTestRunner2/netcoreapp" className="Chat.Client.Library.Tests.UserApiClientTests" name="LoginAsync_ShouldBeNull_IfHttpRequestException" />
    </UnitTest>
    <UnitTest name="Chat.Client.Library.Tests.CryptographyHelperTests.CalculateHash_ShouldBeExpectedHash(password: &quot;P2ssw0rd!&quot;, expected: &quot;52EEB7C9152B99A843345EF76FFD6411&quot;)" storage="d:\trabajo\curso testing\lab.250-ejercicio de prácticas\test\chat.client.library.tests\bin\debug\net5.0\chat.client.library.tests.dll" id="7bfe98e4-6017-792b-751f-78ee8d8258a0">
      <Execution id="32ef3038-6e0f-4d71-aea4-3cc68602cb0c" />
      <TestMethod codeBase="D:\Trabajo\Curso Testing\Lab.250-Ejercicio de prácticas\test\Chat.Client.Library.Tests\bin\Debug\net5.0\Chat.Client.Library.Tests.dll" adapterTypeName="executor://xunit/VsTestRunner2/netcoreapp" className="Chat.Client.Library.Tests.CryptographyHelperTests" name="CalculateHash_ShouldBeExpectedHash" />
    </UnitTest>
    <UnitTest name="Chat.Client.Library.Tests.ChatApiClientTests.SendMessageAsync_ShouldBeFalse_IfAuthorIsNullOrEmpty" storage="d:\trabajo\curso testing\lab.250-ejercicio de prácticas\test\chat.client.library.tests\bin\debug\net5.0\chat.client.library.tests.dll" id="03be180b-54c3-8e98-9a15-bf7c3aa4806d">
      <Execution id="0f4dc70f-5103-4a41-a2d7-fe87214ffbb3" />
      <TestMethod codeBase="D:\Trabajo\Curso Testing\Lab.250-Ejercicio de prácticas\test\Chat.Client.Library.Tests\bin\Debug\net5.0\Chat.Client.Library.Tests.dll" adapterTypeName="executor://xunit/VsTestRunner2/netcoreapp" className="Chat.Client.Library.Tests.ChatApiClientTests" name="SendMessageAsync_ShouldBeFalse_IfAuthorIsNullOrEmpty" />
    </UnitTest>
    <UnitTest name="Chat.Client.Library.Tests.ChatClientTests.LoginAsync_ShouldBeExpectedResult(expected: True, username: &quot;Usuario1&quot;, password: &quot;P2ssw0rd!&quot;)" storage="d:\trabajo\curso testing\lab.250-ejercicio de prácticas\test\chat.client.library.tests\bin\debug\net5.0\chat.client.library.tests.dll" id="c383bd8b-9d23-b55e-3e45-3ec523959650">
      <Execution id="c7558b0d-c974-4a27-b891-ef1f5c57e4b0" />
      <TestMethod codeBase="D:\Trabajo\Curso Testing\Lab.250-Ejercicio de prácticas\test\Chat.Client.Library.Tests\bin\Debug\net5.0\Chat.Client.Library.Tests.dll" adapterTypeName="executor://xunit/VsTestRunner2/netcoreapp" className="Chat.Client.Library.Tests.ChatClientTests" name="LoginAsync_ShouldBeExpectedResult" />
    </UnitTest>
    <UnitTest name="Chat.Client.Library.Tests.CryptographyHelperTests.CalculateHash_ShouldBeExpectedHash(password: &quot;How beautiful you are&quot;, expected: &quot;EB80AAFA5B98425B584A4F8B61503F48&quot;)" storage="d:\trabajo\curso testing\lab.250-ejercicio de prácticas\test\chat.client.library.tests\bin\debug\net5.0\chat.client.library.tests.dll" id="e2959d81-2c2e-6b32-bf4a-1bf1d745968e">
      <Execution id="d78fd9f1-acce-4534-a6d2-a4a1d963a85e" />
      <TestMethod codeBase="D:\Trabajo\Curso Testing\Lab.250-Ejercicio de prácticas\test\Chat.Client.Library.Tests\bin\Debug\net5.0\Chat.Client.Library.Tests.dll" adapterTypeName="executor://xunit/VsTestRunner2/netcoreapp" className="Chat.Client.Library.Tests.CryptographyHelperTests" name="CalculateHash_ShouldBeExpectedHash" />
    </UnitTest>
    <UnitTest name="Chat.Client.Library.Tests.ChatClientTests.CreateUserAsync_ShouldBeExpectedResult(expected: False, username: &quot;Usuario2&quot;, password: &quot;&quot;)" storage="d:\trabajo\curso testing\lab.250-ejercicio de prácticas\test\chat.client.library.tests\bin\debug\net5.0\chat.client.library.tests.dll" id="906e370f-b0b1-5cf6-133c-1e10db8b21cd">
      <Execution id="a786dafa-031b-4b25-9946-6e9fdc70f4ab" />
      <TestMethod codeBase="D:\Trabajo\Curso Testing\Lab.250-Ejercicio de prácticas\test\Chat.Client.Library.Tests\bin\Debug\net5.0\Chat.Client.Library.Tests.dll" adapterTypeName="executor://xunit/VsTestRunner2/netcoreapp" className="Chat.Client.Library.Tests.ChatClientTests" name="CreateUserAsync_ShouldBeExpectedResult" />
    </UnitTest>
    <UnitTest name="Chat.Client.Library.Tests.ChatApiClientTests.SendMessageAsync_ShouldBeFalse_IfMessageIsNullOrEmpty" storage="d:\trabajo\curso testing\lab.250-ejercicio de prácticas\test\chat.client.library.tests\bin\debug\net5.0\chat.client.library.tests.dll" id="5277c181-438a-288a-47ce-6e6ea5e515d6">
      <Execution id="7d85f30b-6dc9-4825-8540-ab46d74bb83a" />
      <TestMethod codeBase="D:\Trabajo\Curso Testing\Lab.250-Ejercicio de prácticas\test\Chat.Client.Library.Tests\bin\Debug\net5.0\Chat.Client.Library.Tests.dll" adapterTypeName="executor://xunit/VsTestRunner2/netcoreapp" className="Chat.Client.Library.Tests.ChatApiClientTests" name="SendMessageAsync_ShouldBeFalse_IfMessageIsNullOrEmpty" />
    </UnitTest>
    <UnitTest name="Chat.Client.Library.Tests.CryptographyHelperTests.CalculateHash_ShouldBeExpectedHash(password: &quot;Agent 007&quot;, expected: &quot;CB01AFE8663B8E0F90E25FD1636C55C3&quot;)" storage="d:\trabajo\curso testing\lab.250-ejercicio de prácticas\test\chat.client.library.tests\bin\debug\net5.0\chat.client.library.tests.dll" id="0e98c3a0-5141-4c15-f732-6e89f2f214ca">
      <Execution id="53132a17-534b-4efd-b765-3367c1385c66" />
      <TestMethod codeBase="D:\Trabajo\Curso Testing\Lab.250-Ejercicio de prácticas\test\Chat.Client.Library.Tests\bin\Debug\net5.0\Chat.Client.Library.Tests.dll" adapterTypeName="executor://xunit/VsTestRunner2/netcoreapp" className="Chat.Client.Library.Tests.CryptographyHelperTests" name="CalculateHash_ShouldBeExpectedHash" />
    </UnitTest>
    <UnitTest name="Chat.Client.Library.Tests.ChatClientTests.LoginAsync_ShouldBeArgumentNullException_IfArgumentNullException" storage="d:\trabajo\curso testing\lab.250-ejercicio de prácticas\test\chat.client.library.tests\bin\debug\net5.0\chat.client.library.tests.dll" id="4f8dc4bd-5987-6ccf-d48a-904f256c0112">
      <Execution id="fc0f0116-88c5-499b-8c13-c9d1fce1553d" />
      <TestMethod codeBase="D:\Trabajo\Curso Testing\Lab.250-Ejercicio de prácticas\test\Chat.Client.Library.Tests\bin\Debug\net5.0\Chat.Client.Library.Tests.dll" adapterTypeName="executor://xunit/VsTestRunner2/netcoreapp" className="Chat.Client.Library.Tests.ChatClientTests" name="LoginAsync_ShouldBeArgumentNullException_IfArgumentNullException" />
    </UnitTest>
    <UnitTest name="Chat.Client.Library.Tests.ChatClientTests.CreateUserAsync_ShouldBeArgumentNullException_IfArgumentNullException" storage="d:\trabajo\curso testing\lab.250-ejercicio de prácticas\test\chat.client.library.tests\bin\debug\net5.0\chat.client.library.tests.dll" id="ce37f170-d1c6-bd2c-a772-b2941f45ad65">
      <Execution id="fbc2bcce-683b-411a-b9de-7979d0fe9d99" />
      <TestMethod codeBase="D:\Trabajo\Curso Testing\Lab.250-Ejercicio de prácticas\test\Chat.Client.Library.Tests\bin\Debug\net5.0\Chat.Client.Library.Tests.dll" adapterTypeName="executor://xunit/VsTestRunner2/netcoreapp" className="Chat.Client.Library.Tests.ChatClientTests" name="CreateUserAsync_ShouldBeArgumentNullException_IfArgumentNullException" />
    </UnitTest>
    <UnitTest name="Chat.Client.Library.Tests.ChatClientTests.OverwriteLastLine_ShouldBeRaised_IfOneMessageAndAuthorIsWhoseIsLogged" storage="d:\trabajo\curso testing\lab.250-ejercicio de prácticas\test\chat.client.library.tests\bin\debug\net5.0\chat.client.library.tests.dll" id="e6d82a80-d4a3-0159-f45e-6e36e40c9371">
      <Execution id="288adcb8-0545-496d-864e-10f7766317b9" />
      <TestMethod codeBase="D:\Trabajo\Curso Testing\Lab.250-Ejercicio de prácticas\test\Chat.Client.Library.Tests\bin\Debug\net5.0\Chat.Client.Library.Tests.dll" adapterTypeName="executor://xunit/VsTestRunner2/netcoreapp" className="Chat.Client.Library.Tests.ChatClientTests" name="OverwriteLastLine_ShouldBeRaised_IfOneMessageAndAuthorIsWhoseIsLogged" />
    </UnitTest>
    <UnitTest name="Chat.Client.Library.Tests.ChatClientTests.LoginAsync_ShouldBeExpectedResult(expected: False, username: &quot;Usuario2&quot;, password: &quot;&quot;)" storage="d:\trabajo\curso testing\lab.250-ejercicio de prácticas\test\chat.client.library.tests\bin\debug\net5.0\chat.client.library.tests.dll" id="b2e9294e-e38d-a009-2460-a89d2f66aa17">
      <Execution id="c8f7dda1-465e-4b17-876d-be4c5079b853" />
      <TestMethod codeBase="D:\Trabajo\Curso Testing\Lab.250-Ejercicio de prácticas\test\Chat.Client.Library.Tests\bin\Debug\net5.0\Chat.Client.Library.Tests.dll" adapterTypeName="executor://xunit/VsTestRunner2/netcoreapp" className="Chat.Client.Library.Tests.ChatClientTests" name="LoginAsync_ShouldBeExpectedResult" />
    </UnitTest>
    <UnitTest name="Chat.Client.Library.Tests.ChatClientTests.CreateUserAsync_ShouldBeExpectedResult(expected: True, username: &quot;Usuario1&quot;, password: &quot;P2ssw0rd!&quot;)" storage="d:\trabajo\curso testing\lab.250-ejercicio de prácticas\test\chat.client.library.tests\bin\debug\net5.0\chat.client.library.tests.dll" id="62018361-ad30-c06f-4f5d-9788a3881edd">
      <Execution id="296767b9-5b86-4c39-ab98-72d3a1cc4438" />
      <TestMethod codeBase="D:\Trabajo\Curso Testing\Lab.250-Ejercicio de prácticas\test\Chat.Client.Library.Tests\bin\Debug\net5.0\Chat.Client.Library.Tests.dll" adapterTypeName="executor://xunit/VsTestRunner2/netcoreapp" className="Chat.Client.Library.Tests.ChatClientTests" name="CreateUserAsync_ShouldBeExpectedResult" />
    </UnitTest>
  </TestDefinitions>
  <TestEntries>
    <TestEntry testId="bc3d1e6f-59e3-f8d7-8b66-0e4ab70ef9a1" executionId="930521bd-ddc6-4e0f-8ce4-62ef79b8a5ab" testListId="8c84fa94-04c1-424b-9868-57a2d4851a1d" />
    <TestEntry testId="c1d71d53-6880-808d-c3fa-b80fbf377dd3" executionId="02436d1e-1401-4040-9476-45465c21a9bc" testListId="8c84fa94-04c1-424b-9868-57a2d4851a1d" />
    <TestEntry testId="5e5f5cdc-689d-b9ea-aa9c-a121ca1a3177" executionId="508e953d-903f-44ec-93b3-0899a1109f39" testListId="8c84fa94-04c1-424b-9868-57a2d4851a1d" />
    <TestEntry testId="4f8dc4bd-5987-6ccf-d48a-904f256c0112" executionId="fc0f0116-88c5-499b-8c13-c9d1fce1553d" testListId="8c84fa94-04c1-424b-9868-57a2d4851a1d" />
    <TestEntry testId="906e370f-b0b1-5cf6-133c-1e10db8b21cd" executionId="a786dafa-031b-4b25-9946-6e9fdc70f4ab" testListId="8c84fa94-04c1-424b-9868-57a2d4851a1d" />
    <TestEntry testId="0e98c3a0-5141-4c15-f732-6e89f2f214ca" executionId="53132a17-534b-4efd-b765-3367c1385c66" testListId="8c84fa94-04c1-424b-9868-57a2d4851a1d" />
    <TestEntry testId="534aaada-bca1-534a-7cb0-ac746728d66d" executionId="6f260518-98ed-4e05-99fd-6747d82103df" testListId="8c84fa94-04c1-424b-9868-57a2d4851a1d" />
    <TestEntry testId="886822af-33e9-4d08-27b9-f5e6e1fcb7c0" executionId="997dac71-e552-401d-8d5b-6e000bf2adea" testListId="8c84fa94-04c1-424b-9868-57a2d4851a1d" />
    <TestEntry testId="87786916-880b-f476-9816-9f840792f5ed" executionId="ebd1246c-d57e-4d13-a286-a97573b4e455" testListId="8c84fa94-04c1-424b-9868-57a2d4851a1d" />
    <TestEntry testId="62018361-ad30-c06f-4f5d-9788a3881edd" executionId="296767b9-5b86-4c39-ab98-72d3a1cc4438" testListId="8c84fa94-04c1-424b-9868-57a2d4851a1d" />
    <TestEntry testId="ce37f170-d1c6-bd2c-a772-b2941f45ad65" executionId="fbc2bcce-683b-411a-b9de-7979d0fe9d99" testListId="8c84fa94-04c1-424b-9868-57a2d4851a1d" />
    <TestEntry testId="07d2ac0c-5941-21dc-41e9-110102b7595a" executionId="085c4f68-5b66-4a84-a988-e7aea5d91329" testListId="8c84fa94-04c1-424b-9868-57a2d4851a1d" />
    <TestEntry testId="5277c181-438a-288a-47ce-6e6ea5e515d6" executionId="7d85f30b-6dc9-4825-8540-ab46d74bb83a" testListId="8c84fa94-04c1-424b-9868-57a2d4851a1d" />
    <TestEntry testId="5b0a19f6-91ce-4af8-f0c6-24405d7164b5" executionId="ba5dbdd7-f958-4670-8499-28857c9eadbe" testListId="8c84fa94-04c1-424b-9868-57a2d4851a1d" />
    <TestEntry testId="bbd90820-8bf0-41c9-b3f0-c47094b33f42" executionId="cfebeda8-e2f5-409e-9d91-0b1ec3910559" testListId="8c84fa94-04c1-424b-9868-57a2d4851a1d" />
    <TestEntry testId="7bfe98e4-6017-792b-751f-78ee8d8258a0" executionId="32ef3038-6e0f-4d71-aea4-3cc68602cb0c" testListId="8c84fa94-04c1-424b-9868-57a2d4851a1d" />
    <TestEntry testId="e0aecdef-392c-66b3-0a84-fce8ce751f51" executionId="fb3303ab-1cac-414f-8d7b-2f5e52ba953e" testListId="8c84fa94-04c1-424b-9868-57a2d4851a1d" />
    <TestEntry testId="03be180b-54c3-8e98-9a15-bf7c3aa4806d" executionId="0f4dc70f-5103-4a41-a2d7-fe87214ffbb3" testListId="8c84fa94-04c1-424b-9868-57a2d4851a1d" />
    <TestEntry testId="262e2064-922c-c249-6b1a-5794ad30eca9" executionId="46e239a8-a561-4526-9263-66c0ad583900" testListId="8c84fa94-04c1-424b-9868-57a2d4851a1d" />
    <TestEntry testId="f71cfa62-4ee6-f559-e68c-6c50ff6d70aa" executionId="12838416-8875-47b4-9583-aee4e7995c8f" testListId="8c84fa94-04c1-424b-9868-57a2d4851a1d" />
    <TestEntry testId="6129790a-45a3-a834-e804-994a266931db" executionId="f7326920-15f4-41b0-a84f-ef515bbbc046" testListId="8c84fa94-04c1-424b-9868-57a2d4851a1d" />
    <TestEntry testId="e6d82a80-d4a3-0159-f45e-6e36e40c9371" executionId="288adcb8-0545-496d-864e-10f7766317b9" testListId="8c84fa94-04c1-424b-9868-57a2d4851a1d" />
    <TestEntry testId="9c9b7b5e-8d5c-9d9b-d153-23cf46ee3429" executionId="d17187d5-3170-41c5-9ac5-beb480fe59b9" testListId="8c84fa94-04c1-424b-9868-57a2d4851a1d" />
    <TestEntry testId="d9ed0fc5-e96d-a2dd-4d9f-bcab8c0819ec" executionId="e360afc8-41b7-4fe0-a82d-56e4c83c63a9" testListId="8c84fa94-04c1-424b-9868-57a2d4851a1d" />
    <TestEntry testId="c383bd8b-9d23-b55e-3e45-3ec523959650" executionId="c7558b0d-c974-4a27-b891-ef1f5c57e4b0" testListId="8c84fa94-04c1-424b-9868-57a2d4851a1d" />
    <TestEntry testId="b2e9294e-e38d-a009-2460-a89d2f66aa17" executionId="c8f7dda1-465e-4b17-876d-be4c5079b853" testListId="8c84fa94-04c1-424b-9868-57a2d4851a1d" />
    <TestEntry testId="5b0a19f6-91ce-4af8-f0c6-24405d7164b5" executionId="f608a094-4669-40ae-865a-62f6a6afe5ab" testListId="8c84fa94-04c1-424b-9868-57a2d4851a1d" />
    <TestEntry testId="e2959d81-2c2e-6b32-bf4a-1bf1d745968e" executionId="d78fd9f1-acce-4534-a6d2-a4a1d963a85e" testListId="8c84fa94-04c1-424b-9868-57a2d4851a1d" />
    <TestEntry testId="5b0a19f6-91ce-4af8-f0c6-24405d7164b5" executionId="385b0531-2e27-485c-89d6-7bcfbdbd4fb4" testListId="8c84fa94-04c1-424b-9868-57a2d4851a1d" />
  </TestEntries>
  <TestLists>
    <TestList name="Resultados sin formato de lista" id="8c84fa94-04c1-424b-9868-57a2d4851a1d" />
    <TestList name="Todos los resultados cargados" id="19431567-8539-422a-85d7-44ee4e166bda" />
  </TestLists>
  <ResultSummary outcome="Completed">
    <Counters total="29" executed="29" passed="29" failed="0" error="0" timeout="0" aborted="0" inconclusive="0" passedButRunAborted="0" notRunnable="0" notExecuted="0" disconnected="0" warning="0" completed="0" inProgress="0" pending="0" />
    <Output>
      <StdOut>[xUnit.net 00:00:00.00] xUnit.net VSTest Adapter v2.4.0 (64-bit .NET 5.0.1-servicing.20575.16)&#xD;
[xUnit.net 00:00:00.76]   Discovering: Chat.Client.Library.Tests&#xD;
[xUnit.net 00:00:00.83]   Discovered:  Chat.Client.Library.Tests&#xD;
[xUnit.net 00:00:00.83]   Starting:    Chat.Client.Library.Tests&#xD;
[xUnit.net 00:00:01.50]   Finished:    Chat.Client.Library.Tests&#xD;
</StdOut>
    </Output>
  </ResultSummary>
</TestRun>