<?xml version="1.0" encoding="utf-8"?>
<TestRun id="c80371cf-d089-4245-bc36-d009f42fee5e" name="Iñaki@DESKTOP-UJMHIPG 2021-01-22 14:13:55" runUser="DESKTOP-UJMHIPG\Iñaki" xmlns="http://microsoft.com/schemas/VisualStudio/TeamTest/2010">
  <Times creation="2021-01-22T14:13:55.5337313+01:00" queuing="2021-01-22T14:13:55.5337321+01:00" start="2021-01-22T14:13:51.2403668+01:00" finish="2021-01-22T14:13:55.5431819+01:00" />
  <TestSettings name="default" id="4b5b6b3e-2aab-4f84-9160-621c1a77897a">
    <Deployment runDeploymentRoot="Iñaki_DESKTOP-UJMHIPG_2021-01-22_14_13_55" />
  </TestSettings>
  <Results>
    <UnitTestResult executionId="d83b5c8d-1d77-4932-aca1-bfe7947679b9" testId="405f07c1-84b4-9dd7-36cf-0440ded0c589" testName="Chat.Server.Tests.ChatMessagesControllerTests.PostAsyncChatMessage_ShouldBeMessage" computerName="DESKTOP-UJMHIPG" duration="00:00:00.6397087" startTime="2021-01-22T14:13:55.3109444+01:00" endTime="2021-01-22T14:13:55.3109871+01:00" testType="13cdc9d9-ddb5-4fa4-a97d-d965ccfc6d4b" outcome="Passed" testListId="8c84fa94-04c1-424b-9868-57a2d4851a1d" relativeResultsDirectory="d83b5c8d-1d77-4932-aca1-bfe7947679b9" />
    <UnitTestResult executionId="5f05720e-f696-408d-b653-9923decc8bbf" testId="d8e56cae-7b41-2863-33eb-9ca5db0740cf" testName="Chat.Server.Tests.ChatUsersControllerTests.GetAsyncChatMessage_ShouldBeNull_IfUserExistsButWorngPassword" computerName="DESKTOP-UJMHIPG" duration="00:00:00.0505250" startTime="2021-01-22T14:13:55.3653530+01:00" endTime="2021-01-22T14:13:55.3653540+01:00" testType="13cdc9d9-ddb5-4fa4-a97d-d965ccfc6d4b" outcome="Passed" testListId="8c84fa94-04c1-424b-9868-57a2d4851a1d" relativeResultsDirectory="5f05720e-f696-408d-b653-9923decc8bbf" />
    <UnitTestResult executionId="f676b25a-dd1e-4b2f-9036-ca7cc0631dc0" testId="0a19cf0b-1a3e-9adb-11f4-6773cd136ef1" testName="Chat.Server.Tests.ChatUsersControllerTests.PostAsyncChatMessage_ShouldBeSameNameAndPassword_IfUserNotExists" computerName="DESKTOP-UJMHIPG" duration="00:00:00.0116855" startTime="2021-01-22T14:13:55.3959531+01:00" endTime="2021-01-22T14:13:55.3959540+01:00" testType="13cdc9d9-ddb5-4fa4-a97d-d965ccfc6d4b" outcome="Passed" testListId="8c84fa94-04c1-424b-9868-57a2d4851a1d" relativeResultsDirectory="f676b25a-dd1e-4b2f-9036-ca7cc0631dc0" />
    <UnitTestResult executionId="3b28eb17-22cd-40a6-bd6d-4316cd1b8fa3" testId="0deab32b-efae-a43c-a31c-fb6f85c70015" testName="Chat.Server.Tests.ChatMessagesControllerTests.GetAsyncChatMessage_ShouldBe2MessagesMessage" computerName="DESKTOP-UJMHIPG" duration="00:00:00.0636528" startTime="2021-01-22T14:13:55.3765920+01:00" endTime="2021-01-22T14:13:55.3765929+01:00" testType="13cdc9d9-ddb5-4fa4-a97d-d965ccfc6d4b" outcome="Passed" testListId="8c84fa94-04c1-424b-9868-57a2d4851a1d" relativeResultsDirectory="3b28eb17-22cd-40a6-bd6d-4316cd1b8fa3" />
    <UnitTestResult executionId="8c2b4ba3-0d94-4323-a70f-872ae55aa378" testId="b79f7ba0-eef9-fef7-9bfb-268e55c93abd" testName="Chat.Server.Tests.ChatUsersControllerTests.GetAsyncChatMessage_ShouldBeNull_IfUserNotExists" computerName="DESKTOP-UJMHIPG" duration="00:00:00.6516281" startTime="2021-01-22T14:13:55.3163243+01:00" endTime="2021-01-22T14:13:55.3163249+01:00" testType="13cdc9d9-ddb5-4fa4-a97d-d965ccfc6d4b" outcome="Passed" testListId="8c84fa94-04c1-424b-9868-57a2d4851a1d" relativeResultsDirectory="8c2b4ba3-0d94-4323-a70f-872ae55aa378" />
    <UnitTestResult executionId="8135644a-fdca-4bf9-a1ae-ceb1816cc61d" testId="9c1e5ad7-76a6-deb2-28fd-c684e4634056" testName="Chat.Server.Tests.ChatUsersControllerTests.GetAsyncChatMessage_ShouldBeSameNameAndPassword_IfUserExists" computerName="DESKTOP-UJMHIPG" duration="00:00:00.0184012" startTime="2021-01-22T14:13:55.3840253+01:00" endTime="2021-01-22T14:13:55.3840262+01:00" testType="13cdc9d9-ddb5-4fa4-a97d-d965ccfc6d4b" outcome="Passed" testListId="8c84fa94-04c1-424b-9868-57a2d4851a1d" relativeResultsDirectory="8135644a-fdca-4bf9-a1ae-ceb1816cc61d" />
  </Results>
  <TestDefinitions>
    <UnitTest name="Chat.Server.Tests.ChatUsersControllerTests.GetAsyncChatMessage_ShouldBeSameNameAndPassword_IfUserExists" storage="d:\trabajo\curso testing\lab.250-ejercicio de prácticas\test\chat.server.tests\bin\debug\net5.0\chat.server.tests.dll" id="9c1e5ad7-76a6-deb2-28fd-c684e4634056">
      <Execution id="8135644a-fdca-4bf9-a1ae-ceb1816cc61d" />
      <TestMethod codeBase="D:\Trabajo\Curso Testing\Lab.250-Ejercicio de prácticas\test\Chat.Server.Tests\bin\Debug\net5.0\Chat.Server.Tests.dll" adapterTypeName="executor://xunit/VsTestRunner2/netcoreapp" className="Chat.Server.Tests.ChatUsersControllerTests" name="GetAsyncChatMessage_ShouldBeSameNameAndPassword_IfUserExists" />
    </UnitTest>
    <UnitTest name="Chat.Server.Tests.ChatUsersControllerTests.GetAsyncChatMessage_ShouldBeNull_IfUserExistsButWorngPassword" storage="d:\trabajo\curso testing\lab.250-ejercicio de prácticas\test\chat.server.tests\bin\debug\net5.0\chat.server.tests.dll" id="d8e56cae-7b41-2863-33eb-9ca5db0740cf">
      <Execution id="5f05720e-f696-408d-b653-9923decc8bbf" />
      <TestMethod codeBase="D:\Trabajo\Curso Testing\Lab.250-Ejercicio de prácticas\test\Chat.Server.Tests\bin\Debug\net5.0\Chat.Server.Tests.dll" adapterTypeName="executor://xunit/VsTestRunner2/netcoreapp" className="Chat.Server.Tests.ChatUsersControllerTests" name="GetAsyncChatMessage_ShouldBeNull_IfUserExistsButWorngPassword" />
    </UnitTest>
    <UnitTest name="Chat.Server.Tests.ChatMessagesControllerTests.PostAsyncChatMessage_ShouldBeMessage" storage="d:\trabajo\curso testing\lab.250-ejercicio de prácticas\test\chat.server.tests\bin\debug\net5.0\chat.server.tests.dll" id="405f07c1-84b4-9dd7-36cf-0440ded0c589">
      <Execution id="d83b5c8d-1d77-4932-aca1-bfe7947679b9" />
      <TestMethod codeBase="D:\Trabajo\Curso Testing\Lab.250-Ejercicio de prácticas\test\Chat.Server.Tests\bin\Debug\net5.0\Chat.Server.Tests.dll" adapterTypeName="executor://xunit/VsTestRunner2/netcoreapp" className="Chat.Server.Tests.ChatMessagesControllerTests" name="PostAsyncChatMessage_ShouldBeMessage" />
    </UnitTest>
    <UnitTest name="Chat.Server.Tests.ChatUsersControllerTests.GetAsyncChatMessage_ShouldBeNull_IfUserNotExists" storage="d:\trabajo\curso testing\lab.250-ejercicio de prácticas\test\chat.server.tests\bin\debug\net5.0\chat.server.tests.dll" id="b79f7ba0-eef9-fef7-9bfb-268e55c93abd">
      <Execution id="8c2b4ba3-0d94-4323-a70f-872ae55aa378" />
      <TestMethod codeBase="D:\Trabajo\Curso Testing\Lab.250-Ejercicio de prácticas\test\Chat.Server.Tests\bin\Debug\net5.0\Chat.Server.Tests.dll" adapterTypeName="executor://xunit/VsTestRunner2/netcoreapp" className="Chat.Server.Tests.ChatUsersControllerTests" name="GetAsyncChatMessage_ShouldBeNull_IfUserNotExists" />
    </UnitTest>
    <UnitTest name="Chat.Server.Tests.ChatUsersControllerTests.PostAsyncChatMessage_ShouldBeSameNameAndPassword_IfUserNotExists" storage="d:\trabajo\curso testing\lab.250-ejercicio de prácticas\test\chat.server.tests\bin\debug\net5.0\chat.server.tests.dll" id="0a19cf0b-1a3e-9adb-11f4-6773cd136ef1">
      <Execution id="f676b25a-dd1e-4b2f-9036-ca7cc0631dc0" />
      <TestMethod codeBase="D:\Trabajo\Curso Testing\Lab.250-Ejercicio de prácticas\test\Chat.Server.Tests\bin\Debug\net5.0\Chat.Server.Tests.dll" adapterTypeName="executor://xunit/VsTestRunner2/netcoreapp" className="Chat.Server.Tests.ChatUsersControllerTests" name="PostAsyncChatMessage_ShouldBeSameNameAndPassword_IfUserNotExists" />
    </UnitTest>
    <UnitTest name="Chat.Server.Tests.ChatMessagesControllerTests.GetAsyncChatMessage_ShouldBe2MessagesMessage" storage="d:\trabajo\curso testing\lab.250-ejercicio de prácticas\test\chat.server.tests\bin\debug\net5.0\chat.server.tests.dll" id="0deab32b-efae-a43c-a31c-fb6f85c70015">
      <Execution id="3b28eb17-22cd-40a6-bd6d-4316cd1b8fa3" />
      <TestMethod codeBase="D:\Trabajo\Curso Testing\Lab.250-Ejercicio de prácticas\test\Chat.Server.Tests\bin\Debug\net5.0\Chat.Server.Tests.dll" adapterTypeName="executor://xunit/VsTestRunner2/netcoreapp" className="Chat.Server.Tests.ChatMessagesControllerTests" name="GetAsyncChatMessage_ShouldBe2MessagesMessage" />
    </UnitTest>
  </TestDefinitions>
  <TestEntries>
    <TestEntry testId="405f07c1-84b4-9dd7-36cf-0440ded0c589" executionId="d83b5c8d-1d77-4932-aca1-bfe7947679b9" testListId="8c84fa94-04c1-424b-9868-57a2d4851a1d" />
    <TestEntry testId="d8e56cae-7b41-2863-33eb-9ca5db0740cf" executionId="5f05720e-f696-408d-b653-9923decc8bbf" testListId="8c84fa94-04c1-424b-9868-57a2d4851a1d" />
    <TestEntry testId="0a19cf0b-1a3e-9adb-11f4-6773cd136ef1" executionId="f676b25a-dd1e-4b2f-9036-ca7cc0631dc0" testListId="8c84fa94-04c1-424b-9868-57a2d4851a1d" />
    <TestEntry testId="0deab32b-efae-a43c-a31c-fb6f85c70015" executionId="3b28eb17-22cd-40a6-bd6d-4316cd1b8fa3" testListId="8c84fa94-04c1-424b-9868-57a2d4851a1d" />
    <TestEntry testId="b79f7ba0-eef9-fef7-9bfb-268e55c93abd" executionId="8c2b4ba3-0d94-4323-a70f-872ae55aa378" testListId="8c84fa94-04c1-424b-9868-57a2d4851a1d" />
    <TestEntry testId="9c1e5ad7-76a6-deb2-28fd-c684e4634056" executionId="8135644a-fdca-4bf9-a1ae-ceb1816cc61d" testListId="8c84fa94-04c1-424b-9868-57a2d4851a1d" />
  </TestEntries>
  <TestLists>
    <TestList name="Resultados sin formato de lista" id="8c84fa94-04c1-424b-9868-57a2d4851a1d" />
    <TestList name="Todos los resultados cargados" id="19431567-8539-422a-85d7-44ee4e166bda" />
  </TestLists>
  <ResultSummary outcome="Completed">
    <Counters total="6" executed="6" passed="6" failed="0" error="0" timeout="0" aborted="0" inconclusive="0" passedButRunAborted="0" notRunnable="0" notExecuted="0" disconnected="0" warning="0" completed="0" inProgress="0" pending="0" />
    <Output>
      <StdOut>[xUnit.net 00:00:00.00] xUnit.net VSTest Adapter v2.4.0 (64-bit .NET 5.0.1-servicing.20575.16)&#xD;
[xUnit.net 00:00:02.46]   Discovering: Chat.Server.Tests&#xD;
[xUnit.net 00:00:02.50]   Discovered:  Chat.Server.Tests&#xD;
[xUnit.net 00:00:02.50]   Starting:    Chat.Server.Tests&#xD;
[xUnit.net 00:00:03.31]   Finished:    Chat.Server.Tests&#xD;
</StdOut>
    </Output>
  </ResultSummary>
</TestRun>